###############################################################################
#
# IAR ELF Linker V8.20.1.14183/W32 for ARM                22/Apr/2019  16:02:38
# Copyright 2007-2017 IAR Systems AB.
#
#    Output file  =  
#        D:\Users\Chirikalo\ARM_proj\AT1315_IAR_v8_test_2018\Debug\Exe\AT1315_iar_v8_2018.out.tmp
#    Map file     =  
#        D:\Users\Chirikalo\ARM_proj\AT1315_IAR_v8_test_2018\Debug\List\AT1315_iar_v8_2018.map
#    Command line =  
#        -f C:\Users\CHIRIK~1\AppData\Local\Temp\EWF0C0.tmp
#        (D:\Users\Chirikalo\ARM_proj\AT1315_IAR_v8_test_2018\Debug\Obj\configHW.o
#        D:\Users\Chirikalo\ARM_proj\AT1315_IAR_v8_test_2018\Debug\Obj\I2C.o
#        D:\Users\Chirikalo\ARM_proj\AT1315_IAR_v8_test_2018\Debug\Obj\InterruptConf.o
#        D:\Users\Chirikalo\ARM_proj\AT1315_IAR_v8_test_2018\Debug\Obj\main.o
#        D:\Users\Chirikalo\ARM_proj\AT1315_IAR_v8_test_2018\Debug\Obj\Serial.o
#        D:\Users\Chirikalo\ARM_proj\AT1315_IAR_v8_test_2018\Debug\Obj\Timer0.o
#        D:\Users\Chirikalo\ARM_proj\AT1315_IAR_v8_test_2018\Debug\Obj\UART0.o
#        -o
#        D:\Users\Chirikalo\ARM_proj\AT1315_IAR_v8_test_2018\Debug\Exe\AT1315_iar_v8_2018.out.tmp
#        --redirect _Printf=_PrintfFullNoMb --redirect _Scanf=_ScanfFullNoMb
#        --map
#        D:\Users\Chirikalo\ARM_proj\AT1315_IAR_v8_test_2018\Debug\List\AT1315_iar_v8_2018.map
#        --config "C:\Program Files (x86)\IAR Systems\Embedded Workbench
#        8.0\arm\config\linker\NXP\LPC2214.icf" --semihosting --entry
#        __iar_program_start --vfe --text_out locale)
#
###############################################################################

*******************************************************************************
*** RUNTIME MODEL ATTRIBUTES
***

CppFlavor       = *
__SystemLibrary = DLib
__dlib_version  = 6


*******************************************************************************
*** HEAP SELECTION
***

The basic heap was selected because no calls to memory allocation
functions were found in the application outside of system library
functions, and there are calls to deallocation functions in the
application.


*******************************************************************************
*** PLACEMENT SUMMARY
***

"A0":  place at 0x00000000 { ro section .intvec };
"P1":  place in [from 0x00000000 to 0x000001fb] |
                [from 0x00000200 to 0x0003ffff] { ro };
define block CSTACK with size = 2K, alignment = 8 { };
define block SVC_STACK with size = 16, alignment = 8 { };
define block IRQ_STACK with size = 80, alignment = 8 { };
define block FIQ_STACK with size = 16, alignment = 8 { };
define block UND_STACK with size = 16, alignment = 8 { };
define block ABT_STACK with size = 16, alignment = 8 { };
define block HEAP with size = 4K, alignment = 8 { };
"P2":  place in [from 0x40000000 to 0x4000003f] |
                [from 0x40000120 to 0x40003fdf] {
          rw, block CSTACK, block SVC_STACK, block IRQ_STACK, block FIQ_STACK,
          block UND_STACK, block ABT_STACK, block HEAP };

No sections matched the following patterns:

  section .crp  in "P3"


  Section          Kind        Address    Size  Object
  -------          ----        -------    ----  ------
"A0":                                     0x3c
  .intvec          ro code  0x00000000    0x3c  cstartup.o [5]
                          - 0x0000003c    0x3c

"P1", part 1 of 2:                         0x0
  .rodata          const    0x0000003c     0x0  zero_init3.o [5]

"P1", part 2 of 2:                      0x2828
  Veneer           ro code  0x00000200    0x10  - Linker created -
  .text            ro code  0x00000210   0xedc  xprintffull_nomb.o [3]
  Veneer           ro code  0x000010ec     0x4  - Linker created -
  .text            ro code  0x000010f0    0x20  strchr.o [5]
  .text            ro code  0x00001110    0x4e  xfail_s.o [3]
  Veneer           ro code  0x00001160     0x4  - Linker created -
  .text            ro code  0x00001164    0x54  strlen.o [5]
  Veneer           ro code  0x000011b8     0x4  - Linker created -
  .text            ro code  0x000011bc    0x94  memchr.o [5]
  Veneer           ro code  0x00001250     0x4  - Linker created -
  .text            ro code  0x00001254    0xd4  I64DivMod.o [5]
  Veneer           ro code  0x00001328     0x4  - Linker created -
  .text            ro code  0x0000132c   0x1f4  DblMul.o [4]
  Veneer           ro code  0x00001520     0x4  - Linker created -
  .text            ro code  0x00001524    0xd4  ABImemcpy.o [5]
  Veneer           ro code  0x000015f8     0x4  - Linker created -
  .text            ro code  0x000015fc    0x7c  frexp.o [4]
  Veneer           ro code  0x00001678     0x4  - Linker created -
  .text            ro code  0x0000167c    0x38  DblCmpLe.o [4]
  Veneer           ro code  0x000016b4     0x4  - Linker created -
  .text            ro code  0x000016b8    0x38  DblCmpGe.o [4]
  Veneer           ro code  0x000016f0     0x4  - Linker created -
  .text            ro code  0x000016f4   0x13c  ldexp.o [4]
  Veneer           ro code  0x00001830     0x4  - Linker created -
  .text            ro code  0x00001834    0x54  DblToS32.o [4]
  Veneer           ro code  0x00001888     0x4  - Linker created -
  .text            ro code  0x0000188c    0x60  S32ToDbl.o [4]
  Veneer           ro code  0x000018ec     0x4  - Linker created -
  .text            ro code  0x000018f0   0x200  DblSub.o [4]
  Veneer           ro code  0x00001af0     0x4  - Linker created -
  .text            ro code  0x00001af4   0x1d4  I32DivMod.o [5]
  Veneer           ro code  0x00001cc8     0x4  - Linker created -
  .text            ro code  0x00001ccc   0x334  DblDiv.o [4]
  Veneer           ro code  0x00002000     0x4  - Linker created -
  .text            ro code  0x00002004    0x3c  DblToU32.o [4]
  Veneer           ro code  0x00002040     0x4  - Linker created -
  .text            ro code  0x00002044    0x58  U32ToDbl.o [4]
  .text            ro code  0x0000209c     0x2  xprintffull_nomb.o [3]
  .text            ro code  0x0000209e     0xc  abort.o [3]
  .text            ro code  0x000020ac     0x4  I64DivZer.o [5]
  .text            ro code  0x000020b0   0x128  DblAdd.o [4]
  .text            ro code  0x000021d8     0x4  IntDivZer.o [5]
  Veneer           ro code  0x000021dc     0x4  - Linker created -
  .text            ro code  0x000021e0    0x20  exit.o [6]
  .text            ro code  0x00002200   0x20c  configHW.o [1]
  .text            ro code  0x0000240c   0x164  InterruptConf.o [1]
  .text            ro code  0x00002570   0x106  Serial.o [1]
  .text            ro code  0x00002678    0xa6  UART0.o [1]
  .text            ro code  0x0000271e     0x2  UART0.o [1]
  .text            ro code  0x00002720    0xb0  main.o [1]
  Veneer           ro code  0x000027d0     0x4  - Linker created -
  .text            ro code  0x000027d4    0x10  main.o [1]
  Veneer           ro code  0x000027e4     0x4  - Linker created -
  .text            ro code  0x000027e8    0x10  main.o [1]
  .text            ro code  0x000027f8    0x44  Timer0.o [1]
  .text            ro code  0x0000283c    0x28  printf.o [3]
  .text            ro code  0x00002864    0x58  cstartup.o [5]
  Veneer           ro code  0x000028bc     0xc  - Linker created -
  Veneer           ro code  0x000028c8     0xc  - Linker created -
  Veneer           ro code  0x000028d4     0xc  - Linker created -
  Veneer           ro code  0x000028e0     0xc  - Linker created -
  .text            ro code  0x000028ec    0x30  cmain.o [5]
  .text            ro code  0x0000291c     0x4  low_level_init.o [3]
  .text            ro code  0x00002920    0x32  data_init.o [5]
  .text            ro code  0x00002952     0xa  exit.o [3]
  Veneer           ro code  0x0000295c     0x4  - Linker created -
  .text            ro code  0x00002960    0x10  cexit.o [5]
  .text            ro code  0x00002970    0x3c  zero_init3.o [5]
  .rodata          const    0x000029ac    0x28  main.o [1]
  .iar.init_table  const    0x000029d4    0x10  - Linker created -
  .text            ro code  0x000029e4    0x1a  xprout.o [3]
  .rodata          const    0x00002a00    0x10  main.o [1]
  .rodata          const    0x00002a10    0x10  xprintffull_nomb.o [3]
  .text            ro code  0x00002a20     0x4  vectortrap.o [5]
  .text            ro code  0x00002a24     0x4  xreturnswi.o [6]
                          - 0x00002a28  0x2828

"P2", part 1 of 2:                        0x68
  .bss             zero     0x40000120    0x14  main.o [1]
  .bss             zero     0x40000134    0x14  Serial.o [1]
  .bss             zero     0x40000148    0x14  Serial.o [1]
  .bss             zero     0x4000015c     0x4  main.o [1]
  .bss             zero     0x40000160     0x4  main.o [1]
  .bss             zero     0x40000164     0x4  Serial.o [1]
  .bss             zero     0x40000168     0x4  Serial.o [1]
  .bss             zero     0x4000016c     0x4  Serial.o [1]
  .bss             zero     0x40000170     0x4  Serial.o [1]
  .bss             zero     0x40000174     0x4  Timer0.o [1]
  .bss             zero     0x40000178     0x4  UART0.o [1]
  .bss             zero     0x4000017c     0x4  UART0.o [1]
  .bss             zero     0x40000180     0x4  xfail_s.o [3]
  .bss             zero     0x40000184     0x1  main.o [1]
                          - 0x40000185    0x65

"P2", part 2 of 2:                       0x860
  CSTACK                    0x40000188   0x800  <Block>
    CSTACK         uninit   0x40000188   0x800  <Block tail>
  IRQ_STACK                 0x40000988    0x50  <Block>
    IRQ_STACK      uninit   0x40000988    0x50  <Block tail>
  FIQ_STACK                 0x400009d8    0x10  <Block>
    FIQ_STACK      uninit   0x400009d8    0x10  <Block tail>
                          - 0x400009e8   0x860

Absolute sections, part 1 of 25:           0x8
  .noinit          uninit   0xe0004000     0x4  Timer0.o [1]
  .noinit          uninit   0xe0004004     0x4  configHW.o [1]
                          - 0xe0004008     0x8

Absolute sections, part 2 of 25:           0x4
  .noinit          uninit   0xe000400c     0x4  configHW.o [1]
                          - 0xe0004010     0x4

Absolute sections, part 3 of 25:           0x8
  .noinit          uninit   0xe0004014     0x4  configHW.o [1]
  .noinit          uninit   0xe0004018     0x4  configHW.o [1]
                          - 0xe000401c     0x8

Absolute sections, part 4 of 25:           0x4
  .noinit          uninit   0xe0004028     0x4  configHW.o [1]
                          - 0xe000402c     0x4

Absolute sections, part 5 of 25:           0x4
  .noinit          uninit   0xe000403c     0x4  configHW.o [1]
                          - 0xe0004040     0x4

Absolute sections, part 6 of 25:           0x1
  .noinit          uninit   0xe000c000     0x1  UART0.o [1]
                          - 0xe000c001     0x1

Absolute sections, part 7 of 25:           0x9
  .noinit          uninit   0xe000c004     0x4  configHW.o [1]
  .noinit          uninit   0xe000c008     0x4  UART0.o [1]
  .noinit          uninit   0xe000c00c     0x1  configHW.o [1]
                          - 0xe000c00d     0x9

Absolute sections, part 8 of 25:           0x1
  .noinit          uninit   0xe000c014     0x1  UART0.o [1]
                          - 0xe000c015     0x1

Absolute sections, part 9 of 25:          0x10
  .noinit          uninit   0xe0028020     0x4  main.o [1]
  .noinit          uninit   0xe0028024     0x4  main.o [1]
  .noinit          uninit   0xe0028028     0x4  configHW.o [1]
  .noinit          uninit   0xe002802c     0x4  main.o [1]
                          - 0xe0028030    0x10

Absolute sections, part 10 of 25:          0x8
  .noinit          uninit   0xe002c000     0x4  configHW.o [1]
  .noinit          uninit   0xe002c004     0x4  InterruptConf.o [1]
                          - 0xe002c008     0x8

Absolute sections, part 11 of 25:          0x4
  .noinit          uninit   0xe002c014     0x4  configHW.o [1]
                          - 0xe002c018     0x4

Absolute sections, part 12 of 25:          0x8
  .noinit          uninit   0xe01fc000     0x4  configHW.o [1]
  .noinit          uninit   0xe01fc004     0x4  configHW.o [1]
                          - 0xe01fc008     0x8

Absolute sections, part 13 of 25:          0x4
  .noinit          uninit   0xe01fc040     0x4  configHW.o [1]
                          - 0xe01fc044     0x4

Absolute sections, part 14 of 25:         0x10
  .noinit          uninit   0xe01fc080     0x4  configHW.o [1]
  .noinit          uninit   0xe01fc084     0x4  configHW.o [1]
  .noinit          uninit   0xe01fc088     0x4  configHW.o [1]
  .noinit          uninit   0xe01fc08c     0x4  configHW.o [1]
                          - 0xe01fc090    0x10

Absolute sections, part 15 of 25:          0x4
  .noinit          uninit   0xe01fc0c0     0x4  Timer0.o [1]
                          - 0xe01fc0c4     0x4

Absolute sections, part 16 of 25:          0x4
  .noinit          uninit   0xe01fc100     0x4  configHW.o [1]
                          - 0xe01fc104     0x4

Absolute sections, part 17 of 25:          0x4
  .noinit          uninit   0xe01fc140     0x4  InterruptConf.o [1]
                          - 0xe01fc144     0x4

Absolute sections, part 18 of 25:          0x8
  .noinit          uninit   0xe01fc148     0x4  InterruptConf.o [1]
  .noinit          uninit   0xe01fc14c     0x4  InterruptConf.o [1]
                          - 0xe01fc150     0x8

Absolute sections, part 19 of 25:          0xc
  .noinit          uninit   0xfffff00c     0x4  UART0.o [1]
  .noinit          uninit   0xfffff010     0x4  UART0.o [1]
  .noinit          uninit   0xfffff014     0x4  InterruptConf.o [1]
                          - 0xfffff018     0xc

Absolute sections, part 20 of 25:          0x4
  .noinit          uninit   0xfffff020     0x4  InterruptConf.o [1]
                          - 0xfffff024     0x4

Absolute sections, part 21 of 25:          0x8
  .noinit          uninit   0xfffff030     0x4  InterruptConf.o [1]
  .noinit          uninit   0xfffff034     0x4  InterruptConf.o [1]
                          - 0xfffff038     0x8

Absolute sections, part 22 of 25:          0x4
  .noinit          uninit   0xfffff104     0x4  InterruptConf.o [1]
                          - 0xfffff108     0x4

Absolute sections, part 23 of 25:          0x4
  .noinit          uninit   0xfffff114     0x4  UART0.o [1]
                          - 0xfffff118     0x4

Absolute sections, part 24 of 25:          0x4
  .noinit          uninit   0xfffff204     0x4  InterruptConf.o [1]
                          - 0xfffff208     0x4

Absolute sections, part 25 of 25:          0x4
  .noinit          uninit   0xfffff214     0x4  UART0.o [1]
                          - 0xfffff218     0x4


*******************************************************************************
*** INIT TABLE
***

          Address     Size
          -------     ----
Zero (__iar_zero_init3)
    1 destination range, total size 0x65:
          0x40000120  0x65



*******************************************************************************
*** MODULE SUMMARY
***

    Module              ro code  ro data  rw data  rw data
                                                    (abs)
    ------              -------  -------  -------  -------
D:\Users\Chirikalo\ARM_proj\AT1315_IAR_v8_test_2018\Debug\Obj: [1]
    InterruptConf.o         356                         40
    Serial.o                262                56
    Timer0.o                 68                 4        8
    UART0.o                 168                 8       22
    configHW.o              524                         73
    main.o                  208       56       29       12
    ------------------------------------------------------
    Total:                1 586       56       97      155

command line: [2]
    ------------------------------------------------------
    Total:

dl4t_tln.a: [3]
    abort.o                  12
    exit.o                   10
    low_level_init.o          4
    printf.o                 40
    xfail_s.o                78                 4
    xprintffull_nomb.o    3 806       16
    xprout.o                 26
    ------------------------------------------------------
    Total:                3 976       16        4

m4t_tl.a: [4]
    DblAdd.o                296
    DblCmpGe.o               56
    DblCmpLe.o               56
    DblDiv.o                820
    DblMul.o                500
    DblSub.o                512
    DblToS32.o               84
    DblToU32.o               60
    S32ToDbl.o               96
    U32ToDbl.o               88
    frexp.o                 124
    ldexp.o                 316
    ------------------------------------------------------
    Total:                3 008

rt4t_al.a: [5]
    ABImemcpy.o             212
    I32DivMod.o             468
    I64DivMod.o             212
    I64DivZer.o               4
    IntDivZer.o               4
    cexit.o                  16
    cmain.o                  48
    cstartup.o              148
    data_init.o              50
    memchr.o                148
    strchr.o                 32
    strlen.o                 84
    vectortrap.o              4
    zero_init3.o             60
    ------------------------------------------------------
    Total:                1 490

shs_l.a: [6]
    exit.o                   32
    xreturnswi.o              4
    ------------------------------------------------------
    Total:                   36

    Gaps                      6        2
    Linker created          148       16    2 144
----------------------------------------------------------
    Grand Total:         10 250       90    2 245      155


*******************************************************************************
*** ENTRY LIST
***

Entry                      Address   Size  Type      Object
-----                      -------   ----  ----      ------
.iar.init_table$$Base   0x000029d4          --   Gb  - Linker created -
.iar.init_table$$Limit  0x000029e4          --   Gb  - Linker created -
?main                   0x000028ec         Code  Gb  cmain.o [5]
Abort_Handler           0x00002a20         Code  Wk  vectortrap.o [5]
CSTACK$$Base            0x40000188          --   Gb  - Linker created -
CSTACK$$Limit           0x40000988          --   Gb  - Linker created -
DefDummyInterrupt       0x0000240d    0x2  Code  Lc  InterruptConf.o [1]
FIQ_Handler             0x00002454   0x70  Code  Gb  InterruptConf.o [1]
FIQ_STACK$$Base         0x400009d8          --   Gb  - Linker created -
FIQ_STACK$$Limit        0x400009e8          --   Gb  - Linker created -
GPIO2ConfSet            0x00002283   0x46  Code  Gb  configHW.o [1]
IRQ_Handler             0x00002424   0x30  Code  Gb  InterruptConf.o [1]
IRQ_STACK$$Base         0x40000988          --   Gb  - Linker created -
IRQ_STACK$$Limit        0x400009d8          --   Gb  - Linker created -
InitEINT0               0x000024e5   0x4c  Code  Gb  InterruptConf.o [1]
InitTimer0              0x000022c9   0x42  Code  Gb  configHW.o [1]
InitTimer0Interrupt     0x000024c5   0x20  Code  Gb  InterruptConf.o [1]
InitUART0               0x00002313   0x88  Code  Gb  configHW.o [1]
InitUART0Interrupt      0x000026af   0x28  Code  Gb  UART0.o [1]
InitVIC                 0x0000240f   0x16  Code  Gb  InterruptConf.o [1]
LoadInt                 0x000003c1   0x7c  Code  Lc  xprintffull_nomb.o [3]
MemConfSet              0x00002201   0x34  Code  Gb  configHW.o [1]
PINSEL2                 0xe002c014    0x4  Data  Gb  configHW.o [1]
PLLandClockConfSet      0x00002235   0x4e  Code  Gb  configHW.o [1]
Prefetch_Handler        0x00002a20         Code  Wk  vectortrap.o [5]
Region$$Table$$Base     0x000029d4          --   Gb  - Linker created -
Region$$Table$$Limit    0x000029e4          --   Gb  - Linker created -
SWI_Handler             0x00002a20         Code  Wk  vectortrap.o [5]
Sleep                   0x0000280b   0x26  Code  Gb  Timer0.o [1]
StartTimer0             0x0000230b    0x8  Code  Gb  configHW.o [1]
T0MR0                   0xe0004018    0x4  Data  Gb  configHW.o [1]
T0PR                    0xe000400c    0x4  Data  Gb  configHW.o [1]
TestTemp                0x4000015c    0x4  Data  Gb  main.o [1]
Timer0Interrupt         0x000027f9   0x12  Code  Gb  Timer0.o [1]
U0RBRTHR                0xe000c000    0x1  Data  Gb  UART0.o [1]
UART0Interrupt          0x00002679   0x36  Code  Lc  UART0.o [1]
UART0TxByte             0x000026d7   0x1e  Code  Gb  UART0.o [1]
Undefined_Handler       0x00002a20         Code  Wk  vectortrap.o [5]
VICDefVectAddr          0xfffff034    0x4  Data  Gb  InterruptConf.o [1]
VICVectAddr             0xfffff030    0x4  Data  Gb  InterruptConf.o [1]
VICVectAddr1            0xfffff104    0x4  Data  Gb  InterruptConf.o [1]
VICVectAddr5            0xfffff114    0x4  Data  Gb  UART0.o [1]
VarConfSet              0x0000239b    0x8  Code  Gb  configHW.o [1]
_A_APBDIV               0xe01fc100    0x4  Data  Gb  configHW.o [1]
_A_EXTINT               0xe01fc140    0x4  Data  Gb  InterruptConf.o [1]
_A_EXTMODE              0xe01fc148    0x4  Data  Gb  InterruptConf.o [1]
_A_EXTPOLAR             0xe01fc14c    0x4  Data  Gb  InterruptConf.o [1]
_A_IO2CLR               0xe002802c    0x4  Data  Gb  main.o [1]
_A_IO2DIR               0xe0028028    0x4  Data  Gb  configHW.o [1]
_A_IO2PIN               0xe0028020    0x4  Data  Gb  main.o [1]
_A_IO2SET               0xe0028024    0x4  Data  Gb  main.o [1]
_A_MAMCR                0xe01fc000    0x4  Data  Gb  configHW.o [1]
_A_MAMTIM               0xe01fc004    0x4  Data  Gb  configHW.o [1]
_A_MEMMAP               0xe01fc040    0x4  Data  Gb  configHW.o [1]
_A_PCON                 0xe01fc0c0    0x4  Data  Gb  Timer0.o [1]
_A_PINSEL0              0xe002c000    0x4  Data  Gb  configHW.o [1]
_A_PINSEL1              0xe002c004    0x4  Data  Gb  InterruptConf.o [1]
_A_PLLCFG               0xe01fc084    0x4  Data  Gb  configHW.o [1]
_A_PLLCON               0xe01fc080    0x4  Data  Gb  configHW.o [1]
_A_PLLFEED              0xe01fc08c    0x4  Data  Gb  configHW.o [1]
_A_PLLSTAT              0xe01fc088    0x4  Data  Gb  configHW.o [1]
_A_T0CCR                0xe0004028    0x4  Data  Gb  configHW.o [1]
_A_T0EMR                0xe000403c    0x4  Data  Gb  configHW.o [1]
_A_T0IR                 0xe0004000    0x4  Data  Gb  Timer0.o [1]
_A_T0MCR                0xe0004014    0x4  Data  Gb  configHW.o [1]
_A_T0TCR                0xe0004004    0x4  Data  Gb  configHW.o [1]
_A_U0FCR                0xe000c008    0x4  Data  Gb  UART0.o [1]
_A_U0IER                0xe000c004    0x4  Data  Gb  configHW.o [1]
_A_U0LCR                0xe000c00c    0x1  Data  Gb  configHW.o [1]
_A_U0LSR                0xe000c014    0x1  Data  Gb  UART0.o [1]
_A_VICIntEnClear        0xfffff014    0x4  Data  Gb  InterruptConf.o [1]
_A_VICIntEnable         0xfffff010    0x4  Data  Gb  UART0.o [1]
_A_VICIntSelect         0xfffff00c    0x4  Data  Gb  UART0.o [1]
_A_VICProtection        0xfffff020    0x4  Data  Gb  InterruptConf.o [1]
_A_VICVectCntl1         0xfffff204    0x4  Data  Gb  InterruptConf.o [1]
_A_VICVectCntl5         0xfffff214    0x4  Data  Gb  UART0.o [1]
_GenldFullNoMb          0x00000e31  0x280  Code  Lc  xprintffull_nomb.o [3]
_LdtobFullNoMb          0x0000097d  0x49a  Code  Lc  xprintffull_nomb.o [3]
_LitobFullNoMb          0x00000809  0x11e  Code  Lc  xprintffull_nomb.o [3]
_PrintfFullNoMb         0x00000211  0x1a4  Code  Gb  xprintffull_nomb.o [3]
_Prout                  0x000029e5   0x1a  Code  Gb  xprout.o [3]
_PutcharsFullNoMb       0x000010b1   0x38  Code  Lc  xprintffull_nomb.o [3]
_PutfldFullNoMb         0x0000043d  0x268  Code  Lc  xprintffull_nomb.o [3]
_PuttxtFullNoMb         0x000006f1  0x118  Code  Lc  xprintffull_nomb.o [3]
__aeabi_cdcmple         0x0000167c         Code  Gb  DblCmpLe.o [4]
__aeabi_cdrcmple        0x000016b8         Code  Gb  DblCmpGe.o [4]
__aeabi_d2iz            0x00001834         Code  Gb  DblToS32.o [4]
__aeabi_d2uiz           0x00002004         Code  Gb  DblToU32.o [4]
__aeabi_ddiv            0x00001ccc         Code  Gb  DblDiv.o [4]
__aeabi_dmul            0x0000132c         Code  Gb  DblMul.o [4]
__aeabi_dsub            0x000018f0         Code  Gb  DblSub.o [4]
__aeabi_i2d             0x0000188c         Code  Gb  S32ToDbl.o [4]
__aeabi_idiv            0x00001af4         Code  Gb  I32DivMod.o [5]
__aeabi_idiv0           0x000021d8         Code  Gb  IntDivZer.o [5]
__aeabi_idivmod         0x00001af4         Code  Gb  I32DivMod.o [5]
__aeabi_ldiv0           0x000020ac         Code  Gb  I64DivZer.o [5]
__aeabi_memcpy          0x00001524         Code  Gb  ABImemcpy.o [5]
__aeabi_memcpy4         0x00001548         Code  Gb  ABImemcpy.o [5]
__aeabi_memcpy8         0x00001548         Code  Gb  ABImemcpy.o [5]
__aeabi_ui2d            0x00002044         Code  Gb  U32ToDbl.o [4]
__aeabi_uidiv           0x00001b24         Code  Gb  I32DivMod.o [5]
__aeabi_uidivmod        0x00001b24         Code  Gb  I32DivMod.o [5]
__aeabi_uldivmod        0x00001254         Code  Gb  I64DivMod.o [5]
__cmain                 0x000028ec         Code  Gb  cmain.o [5]
__exit                  0x000021e0   0x20  Code  Gb  exit.o [6]
__iar_Fail_s            0x00001111   0x26  Code  Gb  xfail_s.o [3]
__iar_Memchr            0x000011bc         Code  Gb  memchr.o [5]
__iar_Strchr            0x000010f0         Code  Gb  strchr.o [5]
__iar_dadd              0x000020b0         Code  Gb  DblAdd.o [4]
__iar_data_init3        0x00002921   0x30  Code  Gb  data_init.o [5]
__iar_disable_interrupt
                        0x000027d4         Code  Gb  main.o [1]
__iar_dsub              0x00001900         Code  Gb  DblSub.o [4]
__iar_dsubStart         0x00001920         Code  Gb  DblSub.o [4]
__iar_enable_interrupt  0x000027e8         Code  Gb  main.o [1]
__iar_frexp             0x00001614         Code  Gb  frexp.o [4]
__iar_frexp64           0x000015fc         Code  Gb  frexp.o [4]
__iar_frexpl            0x00001614         Code  Gb  frexp.o [4]
__iar_ldexp64           0x000016f4         Code  Gb  ldexp.o [4]
__iar_program_start     0x00002864         Code  Gb  cstartup.o [5]
__iar_return_from_swi   0x00002a24    0x4  Code  Gb  xreturnswi.o [6]
__iar_scalbln64         0x000016f4         Code  Gb  ldexp.o [4]
__iar_scalbn64          0x000016f4         Code  Gb  ldexp.o [4]
__iar_systems$$module {Abs}
                        0x00000001         Data  Gb  command line/config [2]
__iar_zero_init3        0x00002971   0x3c  Code  Gb  zero_init3.o [5]
__low_level_init        0x0000291d    0x4  Code  Gb  low_level_init.o [3]
__vector                0x00000000         Data  Gb  cstartup.o [5]
_call_main              0x00002904         Code  Gb  cmain.o [5]
_exit                   0x00002960         Code  Gb  cexit.o [5]
_main                   0x0000290c         Code  Gb  cmain.o [5]
abort                   0x0000209f    0xc  Code  Gb  abort.o [3]
byteReceived            0x000025cd   0x34  Code  Gb  Serial.o [1]
exit                    0x00002953    0xa  Code  Gb  exit.o [3]
frexp                   0x000015fc         Code  Gb  frexp.o [4]
frexpl                  0x000015fc         Code  Gb  frexp.o [4]
getchar                 0x000025a3   0x2a  Code  Gb  Serial.o [1]
inv_temp                0x40000184    0x1  Data  Gb  main.o [1]
ldexp                   0x000016f4         Code  Gb  ldexp.o [4]
ldexpl                  0x000016f4         Code  Gb  ldexp.o [4]
main                    0x00002721   0xb0  Code  Gb  main.o [1]
memchr                  0x000011bc         Code  Gb  memchr.o [5]
ms_ctr                  0x40000174    0x4  Data  Gb  Timer0.o [1]
name                    0x40000120   0x14  Data  Gb  main.o [1]
printf                  0x0000283d   0x28  Code  Gb  printf.o [3]
pulMemory               0x40000160    0x4  Data  Gb  main.o [1]
putchar                 0x00002571   0x32  Code  Gb  Serial.o [1]
rxbuff                  0x40000134   0x14  Data  Lc  Serial.o [1]
rxbuff_i                0x40000164    0x4  Data  Lc  Serial.o [1]
rxbuff_j                0x40000168    0x4  Data  Lc  Serial.o [1]
scalbln                 0x000016f4         Code  Gb  ldexp.o [4]
scalblnl                0x000016f4         Code  Gb  ldexp.o [4]
scalbn                  0x000016f4         Code  Gb  ldexp.o [4]
scalbnl                 0x000016f4         Code  Gb  ldexp.o [4]
scale                   0x00000927   0x4c  Code  Lc  xprintffull_nomb.o [3]
scanline                0x00002649   0x2e  Code  Gb  Serial.o [1]
sec_hand                0x40000180    0x4  Data  Lc  xfail_s.o [3]
strchr                  0x000010f0         Code  Gb  strchr.o [5]
strlen                  0x00001164         Code  Gb  strlen.o [5]
txBufEmpty              0x00002601   0x2e  Code  Gb  Serial.o [1]
txbuff                  0x40000148   0x14  Data  Lc  Serial.o [1]
txbuff_i                0x4000016c    0x4  Data  Lc  Serial.o [1]
txbuff_j                0x40000170    0x4  Data  Lc  Serial.o [1]
uart0rx_function        0x40000178    0x4  Data  Lc  UART0.o [1]
uart0tx_function        0x4000017c    0x4  Data  Lc  UART0.o [1]


[1] = D:\Users\Chirikalo\ARM_proj\AT1315_IAR_v8_test_2018\Debug\Obj
[2] = command line
[3] = dl4t_tln.a
[4] = m4t_tl.a
[5] = rt4t_al.a
[6] = shs_l.a

  10 250 bytes of readonly  code memory
      90 bytes of readonly  data memory
   2 245 bytes of readwrite data memory (+ 155 absolute)

Errors: none
Warnings: none
